I (498) wifi:AP's beacon interval = 122880 us, DTIM period = 2
I (1468) wifi:<ba-add>idx:0 (ifx:0, <wifi-bssid>), tid:0, ssn:0, winSize:64
[0;32mI (1478) esp_netif_handlers: sta ip: 192.168.1.117, mask: 255.255.255.0, gw: 192.168.1.254[0m
[0;32mI (1528) skypane: image unchanged, skipping download[0m
[0;32mI (1528) fp_api: http connects=1 first_connect_ms=17 tls_offered=0 tls_saved_len=0[0m
[0;32mI (1528) skypane: poll ok sleep_s=30 hash_skip=1[0m
[0;32mI (1528) fp_diag: wake timing total_ms=1217 wifi_ms=1137 setup_ms=0 display_ms=39 download_ms=0 draw_ms=0[0m
I (1528) wifi:state: run -> init (0x0)
I (1538) wifi:pm stop, total sleep time: 844486 us / 1070356 us

I (1538) wifi:<ba-del>idx:0, tid:0
I (1538) wifi:new:<6,0>, old:<6,0>, ap:<255,255>, sta:<6,0>, prof:1, snd_ch_cfg:0x0
I (1648) wifi:flush txq
I (1648) wifi:stop sw txq
I (1648) wifi:lmac stop hw txq
I (1648) wifi:Deinit lldesc rx mblock:10
[0;32mI (1658) skypane: sleep enter sleep_s=30[0m
I (1456) wifi:<ba-add>idx:0 (ifx:0, <wifi-bssid>), tid:0, ssn:0, winSize:64
[0;32mI (1476) esp_netif_handlers: sta ip: 192.168.1.117, mask: 255.255.255.0, gw: 192.168.1.254[0m
[0;32mI (1856) skypane: image unchanged, skipping download[0m
[0;32mI (1856) fp_api: http connects=1 first_connect_ms=363 tls_offered=0 tls_saved_len=0[0m
[0;32mI (1856) skypane: poll ok sleep_s=30 hash_skip=1[0m
[0;32mI (1856) fp_diag: wake timing total_ms=1553 wifi_ms=1129 setup_ms=0 display_ms=382 download_ms=0 draw_ms=0[0m
I (1856) wifi:state: run -> init (0x0)
I (1876) wifi:pm stop, total sleep time: 1140689 us / 1421396 us

I (1876) wifi:<ba-del>idx:0, tid:0
I (1876) wifi:new:<6,0>, old:<6,0>, ap:<255,255>, sta:<6,0>, prof:1, snd_ch_cfg:0x0
I (1926) wifi:flush txq
I (1926) wifi:stop sw txq
I (1926) wifi:lmac stop hw txq
I (1926) wifi:Deinit lldesc rx mblock:10
[0;32mI (1936) skypane: sleep enter sleep_s=30[0m
I (506) wifi:AP's beacon interval = 122880 us, DTIM period = 2
I (1466) wifi:<ba-add>idx:0 (ifx:0, <wifi-bssid>), tid:0, ssn:0, winSize:64
[0;32mI (1476) esp_netif_handlers: sta ip: 192.168.1.117, mask: 255.255.255.0, gw: 192.168.1.254[0m
[0;32mI (1526) skypane: image unchanged, skipping download[0m
[0;32mI (1526) fp_api: http connects=1 first_connect_ms=36 tls_offered=0 tls_saved_len=0[0m
[0;32mI (1536) skypane: poll ok sleep_s=30 hash_skip=1[0m
[0;32mI (1536) fp_diag: wake timing total_ms=1227 wifi_ms=1129 setup_ms=0 display_ms=56 download_ms=0 draw_ms=0[0m
I (1536) wifi:state: run -> init (0x0)
I (1546) wifi:pm stop, total sleep time: 886587 us / 1086909 us

I (1546) wifi:<ba-del>idx:0, tid:0
I (1546) wifi:new:<6,0>, old:<6,0>, ap:<255,255>, sta:<6,0>, prof:1, snd_ch_cfg:0x0
I (1576) wifi:flush txq
I (1576) wifi:stop sw txq
I (1576) wifi:lmac stop hw txq
I (1576) wifi:Deinit lldesc rx mblock:10
[0;32mI (1586) skypane: sleep enter sleep_s=30[0m
I (456) wifi:pm start, type: 1

I (456) wifi:dp: 1, bi: 122880, li: 2, scale listen interval from 307200 us to 245760 us
I (466) wifi:set rx beacon pti, rx_bcn_pti: 0, bcn_timeout: 25000, mt_pti: 0, mt_time: 10000
I (526) wifi:AP's beacon interval = 122880 us, DTIM period = 2
I (1466) wifi:<ba-add>idx:0 (ifx:0, <wifi-bssid>), tid:0, ssn:0, winSize:64
[0;32mI (1476) esp_netif_handlers: sta ip: 192.168.1.117, mask: 255.255.255.0, gw: 192.168.1.254[0m
[0;32mI (2146) skypane: image unchanged, skipping download[0m
[0;32mI (2146) fp_api: http connects=1 first_connect_ms=641 tls_offered=0 tls_saved_len=0[0m
[0;32mI (2146) skypane: poll ok sleep_s=30 hash_skip=1[0m
[0;32mI (2146) fp_diag: wake timing total_ms=1841 wifi_ms=1138 setup_ms=0 display_ms=662 download_ms=0 draw_ms=0[0m
I (2146) wifi:state: run -> init (0x0)
I (2156) wifi:pm stop, total sleep time: 1406256 us / 1691285 us

I (2156) wifi:<ba-del>idx:0, tid:0
I (2156) wifi:new:<6,0>, old:<6,0>, ap:<255,255>, sta:<6,0>, prof:1, snd_ch_cfg:0x0
I (2196) wifi:flush txq
I (2196) wifi:stop sw txq
I (2196) wifi:lmac stop hw txq
I (2196) wifi:Deinit lldesc rx mblock:10
[0;32mI (2206) skypane: sleep enter sleep_s=30[0m
I (526) wifi:AP's beacon interval = 122880 us, DTIM period = 2
I (1466) wifi:<ba-add>idx:0 (ifx:0, <wifi-bssid>), tid:0, ssn:0, winSize:64
[0;32mI (1476) esp_netif_handlers: sta ip: 192.168.1.117, mask: 255.255.255.0, gw: 192.168.1.254[0m
[0;32mI (1516) skypane: image unchanged, skipping download[0m
[0;32mI (1516) fp_api: http connects=1 first_connect_ms=18 tls_offered=0 tls_saved_len=0[0m
[0;32mI (1516) skypane: poll ok sleep_s=30 hash_skip=1[0m
[0;32mI (1516) fp_diag: wake timing total_ms=1211 wifi_ms=1131 setup_ms=0 display_ms=38 download_ms=0 draw_ms=0[0m
I (1516) wifi:state: run -> init (0x0)
I (1526) wifi:pm stop, total sleep time: 862340 us / 1072911 us

I (1526) wifi:<ba-del>idx:0, tid:0
I (1526) wifi:new:<6,0>, old:<6,0>, ap:<255,255>, sta:<6,0>, prof:1, snd_ch_cfg:0x0
I (1556) wifi:flush txq
I (1556) wifi:stop sw txq
I (1556) wifi:lmac stop hw txq
I (1556) wifi:Deinit lldesc rx mblock:10
[0;32mI (1566) skypane: sleep enter sleep_s=30[0m
I (406) wifi:new:<6,0>, old:<1,0>, ap:<255,255>, sta:<6,0>, prof:1, snd_ch_cfg:0x0
I (406) wifi:state: init -> auth (0xb0)
I (426) wifi:state: auth -> assoc (0x0)
I (446) wifi:state: assoc -> run (0x10)
I (456) wifi:connected with <wifi-ssid>, aid = 3, channel 6, BW20, bssid = <wifi-bssid>
I (456) wifi:security: WPA2-PSK, phy: bgn, rssi: -46
I (456) wifi:pm start, type: 1

I (456) wifi:dp: 1, bi: 122880, li: 2, scale listen interval from 307200 us to 245760 us
I (456) wifi:set rx beacon pti, rx_bcn_pti: 0, bcn_timeout: 25000, mt_pti: 0, mt_time: 10000
I (556) wifi:AP's beacon interval = 122880 us, DTIM period = 2
I (1466) wifi:<ba-add>idx:0 (ifx:0, <wifi-bssid>), tid:0, ssn:0, winSize:64
[0;32mI (1486) esp_netif_handlers: sta ip: 192.168.1.117, mask: 255.255.255.0, gw: 192.168.1.254[0m
I (597) wifi:AP's beacon interval = 122880 us, DTIM period = 2
I (1567) wifi:<ba-add>idx:0 (ifx:0, <wifi-bssid>), tid:0, ssn:0, winSize:64
[0;32mI (1597) esp_netif_handlers: sta ip: 192.168.1.117, mask: 255.255.255.0, gw: 192.168.1.254[0m
I (4317) wifi:<ba-add>idx:1 (ifx:0, <wifi-bssid>), tid:5, ssn:0, winSize:64
[0;32mI (4317) fp_wifi: clock set via SNTP[0m
[0;32mI (4377) skypane: image unchanged, skipping download[0m
[0;32mI (4377) fp_api: http connects=1 first_connect_ms=43 tls_offered=0 tls_saved_len=0[0m
[0;32mI (4387) skypane: poll ok sleep_s=30 hash_skip=1[0m
[0;32mI (4387) fp_diag: wake timing total_ms=4076 wifi_ms=3975 setup_ms=0 display_ms=60 download_ms=0 draw_ms=0[0m
I (4387) wifi:state: run -> init (0x0)
I (4397) wifi:pm stop, total sleep time: 3377759 us / 3842881 us

I (4397) wifi:<ba-del>idx:0, tid:0
I (4397) wifi:<ba-del>idx:1, tid:5
I (4397) wifi:new:<6,0>, old:<6,0>, ap:<255,255>, sta:<6,0>, prof:1, snd_ch_cfg:0x0
I (4437) wifi:flush txq
I (4437) wifi:stop sw txq
I (4437) wifi:lmac stop hw txq
I (4437) wifi:Deinit lldesc rx mblock:10
[0;32mI (4447) skypane: sleep enter sleep_s=30[0m
I (486) wifi:AP's beacon interval = 122880 us, DTIM period = 2
I (1456) wifi:<ba-add>idx:0 (ifx:0, <wifi-bssid>), tid:0, ssn:0, winSize:64
[0;32mI (1466) esp_netif_handlers: sta ip: 192.168.1.117, mask: 255.255.255.0, gw: 192.168.1.254[0m
[0;32mI (1996) skypane: image unchanged, skipping download[0m
[0;32mI (1996) fp_api: http connects=1 first_connect_ms=503 tls_offered=0 tls_saved_len=0[0m
[0;32mI (1996) skypane: poll ok sleep_s=30 hash_skip=1[0m
[0;32mI (1996) fp_diag: wake timing total_ms=1689 wifi_ms=1127 setup_ms=0 display_ms=521 download_ms=0 draw_ms=0[0m
I (1996) wifi:state: run -> init (0x0)
I (2006) wifi:pm stop, total sleep time: 1188589 us / 1550790 us

I (2006) wifi:<ba-del>idx:0, tid:0
I (2006) wifi:new:<6,0>, old:<6,0>, ap:<255,255>, sta:<6,0>, prof:1, snd_ch_cfg:0x0
I (2046) wifi:flush txq
I (2046) wifi:stop sw txq
I (2046) wifi:lmac stop hw txq
I (2046) wifi:Deinit lldesc rx mblock:10
[0;32mI (2056) skypane: sleep enter sleep_s=30[0m
I (426) wifi:state: auth -> assoc (0x0)
I (446) wifi:state: assoc -> run (0x10)
I (456) wifi:connected with <wifi-ssid>, aid = 3, channel 6, BW20, bssid = <wifi-bssid>
I (456) wifi:security: WPA2-PSK, phy: bgn, rssi: -46
I (456) wifi:pm start, type: 1

I (456) wifi:dp: 1, bi: 122880, li: 2, scale listen interval from 307200 us to 245760 us
I (456) wifi:set rx beacon pti, rx_bcn_pti: 0, bcn_timeout: 25000, mt_pti: 0, mt_time: 10000
I (556) wifi:AP's beacon interval = 122880 us, DTIM period = 2
I (1466) wifi:<ba-add>idx:0 (ifx:0, <wifi-bssid>), tid:0, ssn:0, winSize:64
[0;32mI (1476) esp_netif_handlers: sta ip: 192.168.1.117, mask: 255.255.255.0, gw: 192.168.1.254[0m
[0;32mI (1936) skypane: image unchanged, skipping download[0m
[0;32mI (1936) fp_api: http connects=1 first_connect_ms=435 tls_offered=0 tls_saved_len=0[0m
[0;32mI (1936) skypane: poll ok sleep_s=30 hash_skip=1[0m
[0;32mI (1936) fp_diag: wake timing total_ms=1630 wifi_ms=1138 setup_ms=0 display_ms=451 download_ms=0 draw_ms=0[0m
I (1936) wifi:state: run -> init (0x0)
I (1946) wifi:pm stop, total sleep time: 1204220 us / 1482121 us

I (1946) wifi:<ba-del>idx:0, tid:0
I (1946) wifi:new:<6,0>, old:<6,0>, ap:<255,255>, sta:<6,0>, prof:1, snd_ch_cfg:0x0
I (1976) wifi:flush txq
I (1976) wifi:stop sw txq
I (1976) wifi:lmac stop hw txq
I (1976) wifi:Deinit lldesc rx mblock:10
[0;32mI (1986) skypane: sleep enter sleep_s=30[0m
I (496) wifi:AP's beacon interval = 122880 us, DTIM period = 2
I (1456) wifi:<ba-add>idx:0 (ifx:0, <wifi-bssid>), tid:0, ssn:0, winSize:64
[0;32mI (1466) esp_netif_handlers: sta ip: 192.168.1.117, mask: 255.255.255.0, gw: 192.168.1.254[0m
[0;32mI (1756) skypane: image unchanged, skipping download[0m
[0;32mI (1756) fp_api: http connects=1 first_connect_ms=262 tls_offered=0 tls_saved_len=0[0m
[0;32mI (1756) skypane: poll ok sleep_s=30 hash_skip=1[0m
[0;32mI (1756) fp_diag: wake timing total_ms=1450 wifi_ms=1128 setup_ms=0 display_ms=281 download_ms=0 draw_ms=0[0m
I (1756) wifi:state: run -> init (0x0)
I (1766) wifi:pm stop, total sleep time: 1059831 us / 1304349 us

I (1766) wifi:<ba-del>idx:0, tid:0
I (1766) wifi:new:<6,0>, old:<6,0>, ap:<255,255>, sta:<6,0>, prof:1, snd_ch_cfg:0x0
I (1796) wifi:flush txq
I (1796) wifi:stop sw txq
I (1796) wifi:lmac stop hw txq
I (1796) wifi:Deinit lldesc rx mblock:10
[0;32mI (1806) skypane: sleep enter sleep_s=30[0m
I (406) wifi:new:<6,0>, old:<1,0>, ap:<255,255>, sta:<6,0>, prof:1, snd_ch_cfg:0x0
I (406) wifi:state: init -> auth (0xb0)
I (426) wifi:state: auth -> assoc (0x0)
I (436) wifi:state: assoc -> run (0x10)
I (466) wifi:connected with <wifi-ssid>, aid = 3, channel 6, BW20, bssid = <wifi-bssid>
I (466) wifi:security: WPA2-PSK, phy: bgn, rssi: -41
I (466) wifi:pm start, type: 1

I (466) wifi:dp: 1, bi: 122880, li: 2, scale listen interval from 307200 us to 245760 us
I (466) wifi:set rx beacon pti, rx_bcn_pti: 0, bcn_timeout: 25000, mt_pti: 0, mt_time: 10000
I (556) wifi:AP's beacon interval = 122880 us, DTIM period = 2
ESP-ROM:esp32s3-20210327
Build:Mar 27 2021
rst:0x15 (USB_UART_CHIP_RESET),boot:0x21 (DOWNLOAD(USB/UART0))
Saved PC:0x4037cb9e
waiting for download
