I (467) wifi:state: assoc -> run (0x10)
I (487) wifi:connected with <wifi-ssid>, aid = 3, channel 6, BW20, bssid = <wifi-bssid>
I (487) wifi:security: WPA2-PSK, phy: bgn, rssi: -36
I (487) wifi:pm start, type: 1

I (487) wifi:dp: 1, bi: 122880, li: 2, scale listen interval from 307200 us to 245760 us
I (487) wifi:set rx beacon pti, rx_bcn_pti: 0, bcn_timeout: 25000, mt_pti: 0, mt_time: 10000
I (497) wifi:AP's beacon interval = 122880 us, DTIM period = 2
I (1507) wifi:<ba-add>idx:0 (ifx:0, <wifi-bssid>), tid:0, ssn:0, winSize:64
[0;32mI (1527) esp_netif_handlers: sta ip: 192.168.1.117, mask: 255.255.255.0, gw: 192.168.1.254[0m
[0;32mI (4427) fp_wifi: clock set via SNTP[0m
[0;32mI (5687) esp-x509-crt-bundle: Certificate validated[0m
[0;32mI (6397) fp_tls: TLS session saved (1167 bytes)[0m
[0;32mI (6407) skypane: image unchanged, skipping download[0m
[0;32mI (6407) fp_api: http connects=1 first_connect_ms=1874 tls_offered=0 tls_saved_len=1167[0m
[0;32mI (6407) skypane: poll ok sleep_s=60 hash_skip=1[0m
[0;32mI (6407) fp_diag: wake timing total_ms=6100 wifi_ms=4079 setup_ms=0 display_ms=1979 download_ms=0 draw_ms=0[0m
I (6407) wifi:state: run -> init (0x0)
I (6417) wifi:pm stop, total sleep time: 4899675 us / 5922389 us

I (6417) wifi:<ba-del>idx:0, tid:0
I (6417) wifi:new:<6,0>, old:<6,0>, ap:<255,255>, sta:<6,0>, prof:1, snd_ch_cfg:0x0
I (6457) wifi:flush txq
I (6457) wifi:stop sw txq
I (6457) wifi:lmac stop hw txq
I (6457) wifi:Deinit lldesc rx mblock:10
[0;32mI (6467) skypane: sleep enter sleep_s=60[0m
I (556) wifi:AP's beacon interval = 122880 us, DTIM period = 2
I (1476) wifi:<ba-add>idx:0 (ifx:0, <wifi-bssid>), tid:0, ssn:0, winSize:64
[0;32mI (1486) esp_netif_handlers: sta ip: 192.168.1.117, mask: 255.255.255.0, gw: 192.168.1.254[0m
[0;32mI (1496) fp_tls: offering a saved TLS session (1167 bytes)[0m
[0;32mI (1936) fp_tls: TLS session saved (1167 bytes)[0m
[0;33mW (1936) fp_api: HTTP 401 (27-byte response)[0m
[0;33mW (1946) fp_api: device token rejected; erased, re-enrolling on the next wake[0m
[0;33mW (1946) skypane: poll fail step=auth backoff_n=0 sleep_s=300[0m
[0;32mI (1946) fp_diag: wake timing total_ms=1636 wifi_ms=1148 setup_ms=0 display_ms=449 download_ms=0 draw_ms=0[0m
I (1946) wifi:state: run -> init (0x0)
I (1946) wifi:pm stop, total sleep time: 1113875 us / 1476758 us

I (1946) wifi:<ba-del>idx:0, tid:0
I (1946) wifi:new:<6,0>, old:<6,0>, ap:<255,255>, sta:<6,0>, prof:1, snd_ch_cfg:0x0
I (1996) wifi:flush txq
I (1996) wifi:stop sw txq
I (1996) wifi:lmac stop hw txq
I (1996) wifi:Deinit lldesc rx mblock:10
[0;32mI (2006) skypane: sleep enter sleep_s=300[0m
I (416) wifi:new:<6,0>, old:<1,0>, ap:<255,255>, sta:<6,0>, prof:1, snd_ch_cfg:0x0
I (416) wifi:state: init -> auth (0xb0)
I (436) wifi:state: auth -> assoc (0x0)
I (446) wifi:state: assoc -> run (0x10)
I (466) wifi:connected with <wifi-ssid>, aid = 3, channel 6, BW20, bssid = <wifi-bssid>
I (466) wifi:security: WPA2-PSK, phy: bgn, rssi: -39
I (466) wifi:pm start, type: 1

I (466) wifi:dp: 1, bi: 122880, li: 2, scale listen interval from 307200 us to 245760 us
I (466) wifi:set rx beacon pti, rx_bcn_pti: 0, bcn_timeout: 25000, mt_pti: 0, mt_time: 10000
I (506) wifi:AP's beacon interval = 122880 us, DTIM period = 2
I (1506) wifi:<ba-add>idx:0 (ifx:0, <wifi-bssid>), tid:0, ssn:0, winSize:64
[0;32mI (1526) esp_netif_handlers: sta ip: 192.168.1.117, mask: 255.255.255.0, gw: 192.168.1.254[0m
[0;32mI (1526) fp_tls: offering a saved TLS session (1167 bytes)[0m
[0;32mI (1896) fp_tls: TLS session saved (1167 bytes)[0m
[0;32mI (1896) fp_api: setup accepted; device credential stored[0m
[0;32mI (8906) fp_api: http connects=1 first_connect_ms=148 tls_offered=1 tls_saved_len=1167[0m
I (8916) wifi:state: run -> init (0x0)
I (8926) wifi:pm stop, total sleep time: 2333243 us / 8454831 us

I (8926) wifi:<ba-del>idx:0, tid:0
I (8926) wifi:new:<6,0>, old:<6,0>, ap:<255,255>, sta:<6,0>, prof:1, snd_ch_cfg:0x0
I (8966) wifi:flush txq
I (8966) wifi:stop sw txq
I (8966) wifi:lmac stop hw txq
I (8966) wifi:Deinit lldesc rx mblock:10
[0;32mI (8976) gpio: GPIO[10]| InputEn: 0| OutputEn: 1| OpenDrain: 0| Pullup: 0| Pulldown: 0| Intr:0 [0m
[0;32mI (8976) gpio: GPIO[38]| InputEn: 0| OutputEn: 1| OpenDrain: 0| Pullup: 0| Pulldown: 0| Intr:0 [0m
[0;32mI (8976) gpio: GPIO[41]| InputEn: 0| OutputEn: 1| OpenDrain: 0| Pullup: 0| Pulldown: 0| Intr:0 [0m
[0;32mI (8976) gpio: GPIO[43]| InputEn: 0| OutputEn: 1| OpenDrain: 0| Pullup: 0| Pulldown: 0| Intr:0 [0m
[0;32mI (8976) gpio: GPIO[44]| InputEn: 0| OutputEn: 1| OpenDrain: 0| Pullup: 0| Pulldown: 0| Intr:0 [0m
[0;32mI (8976) gpio: GPIO[4]| InputEn: 1| OutputEn: 0| OpenDrain: 0| Pullup: 0| Pulldown: 0| Intr:0 [0m
[0;32mI (40416) epd13in3e: refresh complete[0m
[0;32mI (40516) skypane: blit ok bytes=960000 sha256_ok=1[0m
[0;32mI (40526) skypane: refreshed to sha256:62cd3e5793edcf93...[0m
[0;32mI (40526) skypane: poll ok sleep_s=60 hash_skip=0[0m
[0;32mI (40526) fp_diag: wake timing total_ms=40217 wifi_ms=1179 setup_ms=375 display_ms=44 download_ms=6964 draw_ms=31539[0m
[0;32mI (40526) skypane: sleep enter sleep_s=60[0m
I (426) wifi:state: auth -> assoc (0x0)
I (446) wifi:state: assoc -> run (0x10)
I (456) wifi:connected with <wifi-ssid>, aid = 3, channel 6, BW20, bssid = <wifi-bssid>
I (456) wifi:security: WPA2-PSK, phy: bgn, rssi: -41
I (466) wifi:pm start, type: 1

I (466) wifi:dp: 1, bi: 122880, li: 2, scale listen interval from 307200 us to 245760 us
I (466) wifi:set rx beacon pti, rx_bcn_pti: 0, bcn_timeout: 25000, mt_pti: 0, mt_time: 10000
I (526) wifi:AP's beacon interval = 122880 us, DTIM period = 2
I (1486) wifi:<ba-add>idx:0 (ifx:0, <wifi-bssid>), tid:0, ssn:0, winSize:64
[0;32mI (1496) esp_netif_handlers: sta ip: 192.168.1.117, mask: 255.255.255.0, gw: 192.168.1.254[0m
[0;32mI (1506) fp_tls: offering a saved TLS session (1167 bytes)[0m
[0;32mI (2056) fp_tls: TLS session saved (1167 bytes)[0m
[0;32mI (2056) skypane: image unchanged, skipping download[0m
[0;32mI (2056) fp_api: http connects=1 first_connect_ms=264 tls_offered=1 tls_saved_len=1167[0m
[0;32mI (2066) skypane: poll ok sleep_s=60 hash_skip=1[0m
[0;32mI (2066) fp_diag: wake timing total_ms=1756 wifi_ms=1157 setup_ms=0 display_ms=557 download_ms=0 draw_ms=0[0m
I (2066) wifi:state: run -> init (0x0)
I (2076) wifi:pm stop, total sleep time: 1148307 us / 1609945 us

I (2076) wifi:<ba-del>idx:0, tid:0
I (2076) wifi:new:<6,0>, old:<6,0>, ap:<255,255>, sta:<6,0>, prof:1, snd_ch_cfg:0x0
I (2116) wifi:flush txq
I (2116) wifi:stop sw txq
I (2116) wifi:lmac stop hw txq
I (2116) wifi:Deinit lldesc rx mblock:10
[0;32mI (2126) skypane: sleep enter sleep_s=60[0m
