I (507) wifi:state: auth -> assoc (0x0)
I (517) wifi:state: assoc -> run (0x10)
I (537) wifi:connected with <wifi-ssid>, aid = 3, channel 6, BW20, bssid = <wifi-bssid>
I (537) wifi:security: WPA2-PSK, phy: bgn, rssi: -35
I (537) wifi:pm start, type: 1

I (537) wifi:dp: 1, bi: 122880, li: 2, scale listen interval from 307200 us to 245760 us
I (537) wifi:set rx beacon pti, rx_bcn_pti: 0, bcn_timeout: 25000, mt_pti: 0, mt_time: 10000
I (597) wifi:AP's beacon interval = 122880 us, DTIM period = 2
I (1537) wifi:<ba-add>idx:0 (ifx:0, <wifi-bssid>), tid:0, ssn:0, winSize:64
[0;32mI (1557) esp_netif_handlers: sta ip: 192.168.1.117, mask: 255.255.255.0, gw: 192.168.1.254[0m
[0;32mI (4527) fp_wifi: clock set via SNTP[0m
[0;31mE (4527) fp_fault: SKYPANE-FAULT-INJECT task_wdt[0m
[0;31mE (64527) task_wdt: Task watchdog got triggered. The following tasks/users did not reset the watchdog in time:[0m
[0;31mE (64527) task_wdt:  - main (CPU 0)[0m
[0;31mE (64527) task_wdt: Tasks currently running:[0m
[0;31mE (64527) task_wdt: CPU 0: IDLE0[0m
[0;31mE (64527) task_wdt: CPU 1: IDLE1[0m
[0;31mE (64527) task_wdt: Aborting.[0m
[0;31mE (64527) task_wdt: Print CPU 0 (current core) backtrace[0m




Backtrace: 0x4037cb9b:0x3fcaeb00 0x4200447a:0x3fcaeb20 0x40381c85:0x3fcaeb40 0x40380a75:0x3fcaeb60




ELF file SHA256: 0974abab8

Rebooting...
ESP-ROM:esp32s3-20210327
Build:Mar 27 2021
rst:0xc (RTC_SW_CPU_RST),boot:0x29 (SPI_FAST_FLASH_BOOT)
Saved PC:0x40375e3c
SPIWP:0xee
mode:DIO, clock div:1
load:0x3fce2810,len:0x178c
load:0x403c8700,len:0x4
load:0x403c8704,len:0xc10
load:0x403cb700,len:0x2dc0
entry 0x403c8904
[0;32mI (26) boot: ESP-IDF v5.3.1 2nd stage bootloader[0m
[0;32mI (26) boot: compile time Sep 25 2026 10:23:44[0m
[0;32mI (26) boot: Multicore bootloader[0m
[0;32mI (27) boot: chip revision: v0.2[0m
[0;32mI (27) boot.esp32s3: Boot SPI Speed : 80MHz[0m
[0;32mI (27) boot.esp32s3: SPI Mode       : DIO[0m
[0;32mI (27) boot.esp32s3: SPI Flash Size : 8MB[0m
[0;32mI (27) boot: Enabling RNG early entropy source...[0m
[0;32mI (28) boot: Partition Table:[0m
[0;32mI (28) boot: ## Label            Usage          Type ST Offset   Length[0m
[0;32mI (28) boot:  0 nvs              WiFi data        01 02 00009000 00006000[0m
[0;32mI (28) boot:  1 otadata          OTA data         01 00 0000f000 00002000[0m
[0;32mI (29) boot:  2 phy_init         RF data          01 01 00011000 00001000[0m
[0;32mI (29) boot:  3 nvs_keys         NVS keys         01 04 00012000 00001000[0m
[0;32mI (30) boot:  4 secret           WiFi data        01 02 00013000 00003000[0m
[0;32mI (30) boot:  5 factory          factory app      00 00 00020000 00250000[0m
[0;32mI (30) boot:  6 ota_0            OTA app          00 10 00270000 00250000[0m
[0;32mI (31) boot:  7 ota_1            OTA app          00 11 004c0000 00250000[0m
[0;32mI (31) boot: End of partition table[0m
[0;32mI (32) boot: Defaulting to factory image[0m
[0;32mI (32) esp_image: segment 0: paddr=00020020 vaddr=3c0b0020 size=30230h (197168) map[0m
[0;32mI (68) esp_image: segment 1: paddr=00050258 vaddr=3fc9dc00 size=0522ch ( 21036) load[0m
[0;32mI (72) esp_image: segment 2: paddr=0005548c vaddr=40374000 size=0ab8ch ( 43916) load[0m
[0;32mI (82) esp_image: segment 3: paddr=00060020 vaddr=42000020 size=ad1bch (709052) map[0m
[0;32mI (210) esp_image: segment 4: paddr=0010d1e4 vaddr=4037eb8c size=0ef84h ( 61316) load[0m
[0;32mI (224) esp_image: segment 5: paddr=0011c170 vaddr=50000000 size=00c8ch (  3212) load[0m
[0;32mI (225) esp_image: segment 6: paddr=0011ce04 vaddr=600fe000 size=00100h (   256) load[0m
[0;32mI (225) esp_image: segment 7: paddr=0011cf0c vaddr=600fe100 size=00008h (     8) load[0m
[0;32mI (237) boot: Loaded app from partition at offset 0x20000[0m
[0;32mI (237) boot: Disabling RNG early entropy source...[0m
[0;32mI (238) octal_psram: vendor id    : 0x0d (AP)[0m
[0;32mI (238) octal_psram: dev id       : 0x02 (generation 3)[0m
[0;32mI (239) octal_psram: density      : 0x03 (64 Mbit)[0m
[0;32mI (239) octal_psram: good-die     : 0x01 (Pass)[0m
[0;32mI (239) octal_psram: Latency      : 0x01 (Fixed)[0m
[0;32mI (239) octal_psram: VCC          : 0x01 (3V)[0m
[0;32mI (240) octal_psram: SRF          : 0x01 (Fast Refresh)[0m
[0;32mI (240) octal_psram: BurstType    : 0x01 (Hybrid Wrap)[0m
[0;32mI (240) octal_psram: BurstLen     : 0x01 (32 Byte)[0m
[0;32mI (240) octal_psram: Readlatency  : 0x02 (10 cycles@Fixed)[0m
[0;32mI (241) octal_psram: DriveStrength: 0x00 (1/1)[0m
[0;32mI (242) MSPI Timing: PSRAM timing tuning index: 5[0m
[0;32mI (242) esp_psram: Found 8MB PSRAM device[0m
[0;32mI (242) esp_psram: Speed: 80MHz[0m
[0;32mI (243) cpu_start: Multicore app[0m
[0;32mI (252) cpu_start: Pro cpu start user code[0m
[0;32mI (252) cpu_start: cpu freq: 160000000 Hz[0m
[0;32mI (252) app_init: Application information:[0m
[0;32mI (252) app_init: Project name:     skypane[0m
[0;32mI (252) app_init: App version:      059774e-dev-task_wdt[0m
[0;32mI (252) app_init: Compile time:     Sep 25 2026 15:28:37[0m
[0;32mI (253) app_init: ELF file SHA256:  0974abab8...[0m
[0;32mI (253) app_init: ESP-IDF:          v5.3.1[0m
[0;32mI (253) efuse_init: Min chip rev:     v0.0[0m
[0;32mI (253) efuse_init: Max chip rev:     v0.99 [0m
[0;32mI (253) efuse_init: Chip rev:         v0.2[0m
[0;32mI (254) heap_init: Initializing. RAM available for dynamic allocation:[0m
[0;32mI (254) heap_init: At 3FCA8690 len 00041080 (260 KiB): RAM[0m
[0;32mI (254) heap_init: At 3FCE9710 len 00005724 (21 KiB): RAM[0m
[0;32mI (254) heap_init: At 3FCF0000 len 00008000 (32 KiB): DRAM[0m
[0;32mI (255) heap_init: At 600FE108 len 00001EE0 (7 KiB): RTCRAM[0m
[0;32mI (255) esp_psram: Adding pool of 8192K of PSRAM memory to heap allocator[0m
[0;32mI (256) spi_flash: detected chip: generic[0m
[0;32mI (256) spi_flash: flash io: dio[0m
[0;33mW (257) spi_flash: Detected size(16384k) larger than the size in the binary image header(8192k). Using the size in the binary image header.[0m
[0;32mI (258) sleep: Configure to isolate all GPIO pins in sleep state[0m
[0;32mI (258) sleep: Enable automatic switching of GPIO sleep configuration[0m
[0;32mI (259) main_task: Started on CPU0[0m
[0;32mI (269) esp_psram: Reserving pool of 32K of internal memory for DMA/internal allocations[0m
[0;32mI (269) main_task: Calling app_main()[0m
[0;32mI (269) gpio: GPIO[21]| InputEn: 0| OutputEn: 1| OpenDrain: 0| Pullup: 0| Pulldown: 0| Intr:0 [0m
[0;32mI (299) skypane: wake reason=other boot_count=9623[0m
[0;32mI (299) fp_boot: reset reason=task_wdt[0m
[0;33mW (299) skypane: poll fail step=reset backoff_n=7 sleep_s=21600[0m
[0;32mI (299) fp_diag: wake timing total_ms=26 wifi_ms=0 setup_ms=0 display_ms=0 download_ms=0 draw_ms=0[0m
[0;32mI (299) skypane: sleep enter sleep_s=21600[0m
