I (527) wifi:state: auth -> assoc (0x0)
I (537) wifi:state: assoc -> run (0x10)
I (547) wifi:connected with <wifi-ssid>, aid = 3, channel 6, BW20, bssid = <wifi-bssid>
I (557) wifi:security: WPA2-PSK, phy: bgn, rssi: -38
I (557) wifi:pm start, type: 1

I (557) wifi:dp: 1, bi: 122880, li: 2, scale listen interval from 307200 us to 245760 us
I (557) wifi:set rx beacon pti, rx_bcn_pti: 0, bcn_timeout: 25000, mt_pti: 0, mt_time: 10000
I (587) wifi:AP's beacon interval = 122880 us, DTIM period = 2
I (1327) wifi:<ba-add>idx:0 (ifx:0, <wifi-bssid>), tid:0, ssn:0, winSize:64
[0;32mI (1587) esp_netif_handlers: sta ip: 192.168.1.117, mask: 255.255.255.0, gw: 192.168.1.254[0m
[0;32mI (3047) fp_wifi: clock set via SNTP[0m
[0;31mE (3047) fp_fault: SKYPANE-FAULT-INJECT slow_wake[0m
[0;33mW (301047) fp_wake: wake budget of 300s exceeded[0m
[0;33mW (301057) skypane: poll fail step=deadline backoff_n=16 sleep_s=21600[0m
[0;32mI (301057) fp_diag: wake timing total_ms=300744 wifi_ms=2702 setup_ms=0 display_ms=0 download_ms=0 draw_ms=0[0m
I (301057) wifi:state: run -> init (0x0)
I (301057) wifi:pm stop, total sleep time: 286765349 us / 300502181 us

I (301057) wifi:<ba-del>idx:0, tid:0
I (301057) wifi:new:<6,0>, old:<6,0>, ap:<255,255>, sta:<6,0>, prof:1, snd_ch_cfg:0x0
I (301097) wifi:flush txq
I (301097) wifi:stop sw txq
I (301097) wifi:lmac stop hw txq
I (301097) wifi:Deinit lldesc rx mblock:10
[0;32mI (301107) skypane: sleep enter sleep_s=21600[0m
