I (205) esp_image: segment 4: paddr=0010891c vaddr=40375d90 size=17c8ch ( 97420) load
I (227) esp_image: segment 5: paddr=001205b0 vaddr=50000000 size=00008h (     8) load
I (227) esp_image: segment 6: paddr=001205c0 vaddr=600fe000 size=00100h (   256) load
I (228) esp_image: segment 7: paddr=001206c8 vaddr=600fe100 size=00008h (     8) load
I (239) boot: Loaded app from partition at offset 0x20000
I (239) boot: Disabling RNG early entropy source...
I (240) octal_psram: vendor id    : 0x0d (AP)
I (240) octal_psram: dev id       : 0x02 (generation 3)
I (241) octal_psram: density      : 0x03 (64 Mbit)
I (241) octal_psram: good-die     : 0x01 (Pass)
I (241) octal_psram: Latency      : 0x01 (Fixed)
I (241) octal_psram: VCC          : 0x01 (3V)
I (241) octal_psram: SRF          : 0x01 (Fast Refresh)
I (242) octal_psram: BurstType    : 0x01 (Hybrid Wrap)
I (242) octal_psram: BurstLen     : 0x01 (32 Byte)
I (242) octal_psram: Readlatency  : 0x02 (10 cycles@Fixed)
I (243) octal_psram: DriveStrength: 0x00 (1/1)
I (244) MSPI Timing: PSRAM timing tuning index: 4
I (244) esp_psram: Found 8MB PSRAM device
I (244) esp_psram: Speed: 80MHz
I (244) cpu_start: Multicore app
I (690) esp_psram: SPI SRAM memory test OK
I (699) cpu_start: Pro cpu start user code
I (699) cpu_start: cpu freq: 160000000 Hz
I (699) app_init: Application information:
I (700) app_init: Project name:     inkframe
I (700) app_init: App version:      0.1.0-p1
I (700) app_init: Compile time:     Aug 25 2026 19:15:03
I (700) app_init: ELF file SHA256:  54dbb6b6e...
I (700) app_init: ESP-IDF:          v5.3.1
I (700) efuse_init: Min chip rev:     v0.0
I (701) efuse_init: Max chip rev:     v0.99
I (701) efuse_init: Chip rev:         v0.2
I (701) heap_init: Initializing. RAM available for dynamic allocation:
I (701) heap_init: At 3FCA7118 len 000425F8 (265 KiB): RAM
I (702) heap_init: At 3FCE9710 len 00005724 (21 KiB): RAM
I (702) heap_init: At 3FCF0000 len 00008000 (32 KiB): DRAM
I (702) heap_init: At 600FE108 len 00001EE0 (7 KiB): RTCRAM
I (703) esp_psram: Adding pool of 8192K of PSRAM memory to heap allocator
I (704) spi_flash: detected chip: generic
I (704) spi_flash: flash io: dio
W (704) spi_flash: Detected size(16384k) larger than the size in the binary image header(8192k). Using the size in the binary image header.
I (705) sleep: Configure to isolate all GPIO pins in sleep state
I (706) sleep: Enable automatic switching of GPIO sleep configuration
I (706) main_task: Started on CPU0
I (716) esp_psram: Reserving pool of 32K of internal memory for DMA/internal allocations
I (716) main_task: Calling app_main()
I (746) inkframe: wake reason=power-on boot_count=17
I (746) pp: pp rom version: e7ae62f
I (746) net80211: net80211 rom version: e7ae62f
I (756) wifi:wifi driver task: 3fcbb3fc, prio:23, stack:6656, core=0
I (766) wifi:wifi firmware version: ccaebfa
I (766) wifi:wifi certification version: v7.0
I (766) wifi:config NVS flash: enabled
I (766) wifi:config nano formating: disabled
I (766) wifi:Init data frame dynamic rx buffer num: 32
I (766) wifi:Init static rx mgmt buffer num: 5
I (766) wifi:Init management short buffer num: 32
I (766) wifi:Init static tx buffer num: 16
I (766) wifi:Init tx cache buffer num: 32
I (766) wifi:Init static tx FG buffer num: 2
I (766) wifi:Init static rx buffer size: 1600
I (766) wifi:Init static rx buffer num: 10
I (766) wifi:Init dynamic rx buffer num: 32
I (766) wifi_init: rx ba win: 6
I (766) wifi_init: accept mbox: 6
I (766) wifi_init: tcpip mbox: 32
I (766) wifi_init: udp mbox: 6
I (766) wifi_init: tcp mbox: 6
I (766) wifi_init: tcp tx win: 5760
I (766) wifi_init: tcp rx win: 5760
I (766) wifi_init: tcp mss: 1440
I (766) wifi_init: WiFi IRAM OP enabled
I (766) wifi_init: WiFi RX IRAM OP enabled
W (766) wifi:Password length matches WPA2 standards, authmode threshold changes from OPEN to WPA2
I (766) phy_init: phy_version 680,a6008b2,Jun  4 2024,16:41:10
I (806) wifi:mode : sta (<device-mac>)
I (806) wifi:enable tsf
I (816) wifi:new:<6,0>, old:<1,0>, ap:<255,255>, sta:<6,0>, prof:1, snd_ch_cfg:0x0
I (816) wifi:state: init -> auth (0xb0)
I (956) wifi:state: auth -> assoc (0x0)
I (966) wifi:state: assoc -> run (0x10)
I (986) wifi:connected with <wifi-ssid>, aid = 6, channel 6, BW20, bssid = <wifi-bssid>
I (986) wifi:security: WPA2-PSK, phy: bgn, rssi: -48
I (986) wifi:pm start, type: 1

I (986) wifi:dp: 1, bi: 122880, li: 2, scale listen interval from 307200 us to 245760 us
I (986) wifi:set rx beacon pti, rx_bcn_pti: 0, bcn_timeout: 25000, mt_pti: 0, mt_time: 10000
I (1026) wifi:AP's beacon interval = 122880 us, DTIM period = 2
I (1486) wifi:<ba-add>idx:0 (ifx:0, <wifi-bssid>), tid:0, ssn:0, winSize:64
I (4486) esp_netif_handlers: sta ip: 192.168.1.117, mask: 255.255.255.0, gw: 192.168.1.254
I (8366) fp_wifi: clock set via SNTP
I (11926) wifi:state: run -> init (0x0)
I (11936) wifi:pm stop, total sleep time: 6544217 us / 10945135 us

I (11936) wifi:<ba-del>idx:0, tid:0
I (11936) wifi:new:<6,0>, old:<6,0>, ap:<255,255>, sta:<6,0>, prof:1, snd_ch_cfg:0x0
I (11966) wifi:flush txq
I (11966) wifi:stop sw txq
I (11966) wifi:lmac stop hw txq
I (11966) wifi:Deinit lldesc rx mblock:10
I (11976) gpio: GPIO[10]| InputEn: 0| OutputEn: 1| OpenDrain: 0| Pullup: 0| Pulldown: 0| Intr:0
I (11976) gpio: GPIO[38]| InputEn: 0| OutputEn: 1| OpenDrain: 0| Pullup: 0| Pulldown: 0| Intr:0
I (11976) gpio: GPIO[41]| InputEn: 0| OutputEn: 1| OpenDrain: 0| Pullup: 0| Pulldown: 0| Intr:0
I (11976) gpio: GPIO[43]| InputEn: 0| OutputEn: 1| OpenDrain: 0| Pullup: 0| Pulldown: 0| Intr:0
I (11976) gpio: GPIO[44]| InputEn: 0| OutputEn: 1| OpenDrain: 0| Pullup: 0| Pulldown: 0| Intr:0
I (11976) gpio: GPIO[4]| InputEn: 1| OutputEn: 0| OpenDrain: 0| Pullup: 0| Pulldown: 0| Intr:0
I (43516) epd13in3e: refresh complete
I (43616) inkframe: blit ok bytes=960000 sha256_ok=1
I (43626) inkframe: refreshed to sha256:f7581d2c607ed6d5...
I (43626) inkframe: poll ok sleep_s=300 hash_skip=0
I (43626) inkframe: sleep enter sleep_s=300
