I (643) wifi:mode : sta (94:a9:90:cf:80:08)
I (643) wifi:enable tsf
I (653) wifi:new:<6,0>, old:<1,0>, ap:<255,255>, sta:<6,0>, prof:1, snd_ch_cfg:0x0
I (653) wifi:state: init -> auth (0xb0)
I (773) wifi:state: auth -> assoc (0x0)
I (783) wifi:state: assoc -> run (0x10)
I (803) wifi:connected with <ssid>, aid = 1, channel 6, BW20, bssid = <bssid>
I (803) wifi:security: WPA2-PSK, phy: bgn, rssi: -41
I (803) wifi:pm start, type: 1

I (803) wifi:dp: 1, bi: 122880, li: 2, scale listen interval from 307200 us to 245760 us
I (803) wifi:set rx beacon pti, rx_bcn_pti: 0, bcn_timeout: 25000, mt_pti: 0, mt_time: 10000
I (873) wifi:AP's beacon interval = 122880 us, DTIM period = 2
I (1813) wifi:<ba-add>idx:0 (ifx:0, <bssid>), tid:0, ssn:0, winSize:64
I (1833) esp_netif_handlers: sta ip: <lan-ip>, mask: <lan-mask>, gw: <lan-gw>
I (3033) fp_wifi: clock set via SNTP
I (4283) esp-x509-crt-bundle: Certificate validated
I (4993) fp_tls: TLS session saved (1167 bytes)
I (8273) fp_api: http connects=1 first_connect_ms=1913 tls_offered=0 tls_saved_len=1167
I (8273) wifi:state: run -> init (0x0)
I (8283) wifi:pm stop, total sleep time: 3652523 us / 7476674 us

I (8283) wifi:<ba-del>idx:0, tid:0
I (8283) wifi:new:<6,0>, old:<6,0>, ap:<255,255>, sta:<6,0>, prof:1, snd_ch_cfg:0x0
I (8323) wifi:flush txq
I (8323) wifi:stop sw txq
I (8323) wifi:lmac stop hw txq
I (8323) wifi:Deinit lldesc rx mblock:10
I (8333) gpio: GPIO[10]| InputEn: 0| OutputEn: 1| OpenDrain: 0| Pullup: 0| Pulldown: 0| Intr:0 
I (8333) gpio: GPIO[38]| InputEn: 0| OutputEn: 1| OpenDrain: 0| Pullup: 0| Pulldown: 0| Intr:0 
I (8333) gpio: GPIO[41]| InputEn: 0| OutputEn: 1| OpenDrain: 0| Pullup: 0| Pulldown: 0| Intr:0 
I (8333) gpio: GPIO[43]| InputEn: 0| OutputEn: 1| OpenDrain: 0| Pullup: 0| Pulldown: 0| Intr:0 
I (8333) gpio: GPIO[44]| InputEn: 0| OutputEn: 1| OpenDrain: 0| Pullup: 0| Pulldown: 0| Intr:0 
I (8333) gpio: GPIO[4]| InputEn: 1| OutputEn: 0| OpenDrain: 0| Pullup: 0| Pulldown: 0| Intr:0 
I (39753) epd13in3e: refresh complete
I (39853) skypane: blit ok bytes=960000 sha256_ok=1
I (39863) skypane: refreshed to sha256:53ee1f2927e0152d...
I (39863) skypane: poll ok sleep_s=300 hash_skip=0
I (39863) fp_diag: wake timing total_ms=39537 wifi_ms=2460 setup_ms=0 display_ms=1967 download_ms=3272 draw_ms=31519
I (39863) skypane: sleep enter sleep_s=300
