I (522) wifi:AP's beacon interval = 122880 us, DTIM period = 2
I (1472) wifi:<ba-add>idx:0 (ifx:0, <bssid>), tid:0, ssn:0, winSize:64
I (1492) esp_netif_handlers: sta ip: <lan-ip>, mask: <lan-mask>, gw: <lan-gw>
I (1502) fp_tls: offering a saved TLS session (1167 bytes)
I (1662) fp_tls: TLS session saved (1167 bytes)
I (1662) fp_api: http connects=1 first_connect_ms=77 tls_offered=1 tls_saved_len=1167
I (1672) wifi:state: run -> init (0x0)
I (1672) wifi:pm stop, total sleep time: 873779 us / 1200915 us

I (1672) wifi:<ba-del>idx:0, tid:0
I (1672) wifi:new:<6,0>, old:<6,0>, ap:<255,255>, sta:<6,0>, prof:1, snd_ch_cfg:0x0
I (1712) wifi:flush txq
I (1712) wifi:stop sw txq
I (1712) wifi:lmac stop hw txq
I (1712) wifi:Deinit lldesc rx mblock:10
I (3092) gpio: GPIO[10]| InputEn: 0| OutputEn: 1| OpenDrain: 0| Pullup: 0| Pulldown: 0| Intr:0 
I (3092) gpio: GPIO[38]| InputEn: 0| OutputEn: 1| OpenDrain: 0| Pullup: 0| Pulldown: 0| Intr:0 
I (3092) gpio: GPIO[41]| InputEn: 0| OutputEn: 1| OpenDrain: 0| Pullup: 0| Pulldown: 0| Intr:0 
I (3092) gpio: GPIO[43]| InputEn: 0| OutputEn: 1| OpenDrain: 0| Pullup: 0| Pulldown: 0| Intr:0 
I (3092) gpio: GPIO[44]| InputEn: 0| OutputEn: 1| OpenDrain: 0| Pullup: 0| Pulldown: 0| Intr:0 
I (3092) gpio: GPIO[4]| InputEn: 1| OutputEn: 0| OpenDrain: 0| Pullup: 0| Pulldown: 0| Intr:0 
I (34522) epd13in3e: refresh complete
I (34622) skypane: ota updating screen drawn
I (34632) pp: pp rom version: e7ae62f
I (34632) net80211: net80211 rom version: e7ae62f
I (34642) wifi:wifi driver task: 3fcd87d8, prio:23, stack:6656, core=0
I (34652) wifi:wifi firmware version: ccaebfa
I (34652) wifi:wifi certification version: v7.0
I (34652) wifi:config NVS flash: enabled
I (34652) wifi:config nano formating: disabled
I (34652) wifi:Init data frame dynamic rx buffer num: 32
I (34652) wifi:Init static rx mgmt buffer num: 5
I (34652) wifi:Init management short buffer num: 32
I (34652) wifi:Init static tx buffer num: 16
I (34652) wifi:Init tx cache buffer num: 32
I (34652) wifi:Init static tx FG buffer num: 2
I (34652) wifi:Init static rx buffer size: 1600
I (34652) wifi:Init static rx buffer num: 10
I (34652) wifi:Init dynamic rx buffer num: 32
I (34652) wifi_init: rx ba win: 6
I (34652) wifi_init: accept mbox: 6
I (34652) wifi_init: tcpip mbox: 32
I (34652) wifi_init: udp mbox: 6
I (34652) wifi_init: tcp mbox: 6
I (34652) wifi_init: tcp tx win: 5760
I (34652) wifi_init: tcp rx win: 5760
I (34652) wifi_init: tcp mss: 1440
I (34652) wifi_init: WiFi IRAM OP enabled
I (34652) wifi_init: WiFi RX IRAM OP enabled
W (34652) wifi:Password length matches WPA2 standards, authmode threshold changes from OPEN to WPA2
I (34662) wifi:mode : sta (94:a9:90:cf:80:08)
I (34662) wifi:enable tsf
I (34672) wifi:new:<6,0>, old:<1,0>, ap:<255,255>, sta:<6,0>, prof:1, snd_ch_cfg:0x0
I (34672) wifi:state: init -> auth (0xb0)
I (34692) wifi:state: auth -> assoc (0x0)
I (34702) wifi:state: assoc -> run (0x10)
I (34722) wifi:connected with <ssid>, aid = 3, channel 6, BW20, bssid = <bssid>
I (34722) wifi:security: WPA2-PSK, phy: bgn, rssi: -53
I (34722) wifi:pm start, type: 1

I (34722) wifi:dp: 1, bi: 122880, li: 2, scale listen interval from 307200 us to 245760 us
I (34722) wifi:set rx beacon pti, rx_bcn_pti: 0, bcn_timeout: 25000, mt_pti: 0, mt_time: 10000
I (34812) wifi:AP's beacon interval = 122880 us, DTIM period = 2
I (35222) wifi:<ba-add>idx:0 (ifx:0, <bssid>), tid:0, ssn:0, winSize:64
I (37402) esp_netif_handlers: sta ip: <lan-ip>, mask: <lan-mask>, gw: <lan-gw>
I (38652) esp-x509-crt-bundle: Certificate validated
I (39222) esp_https_ota: Starting OTA...
I (39232) esp_https_ota: Writing to partition subtype 16 at offset 0x270000
I (39232) fp_ota: ota step=begin result=ok
I (39232) fp_ota: ota step=desc result=ok
I (61442) fp_ota: ota step=download result=ok
I (61622) fp_ota: ota step=hash result=ok
I (61622) esp_image: segment 0: paddr=00270020 vaddr=3c0c0020 size=39928h (235816) map
I (61652) esp_image: segment 1: paddr=002a9950 vaddr=3fc9dc00 size=05344h ( 21316) 
I (61652) esp_image: segment 2: paddr=002aec9c vaddr=40374000 size=0137ch (  4988) 
I (61652) esp_image: segment 3: paddr=002b0020 vaddr=42000020 size=b1edch (728796) map
I (61752) esp_image: segment 4: paddr=00361f04 vaddr=4037537c size=18808h (100360) 
I (61762) esp_image: segment 5: paddr=0037a714 vaddr=50000000 size=00c8ch (  3212) 
I (61762) esp_image: segment 6: paddr=0037b3a8 vaddr=600fe000 size=00100h (   256) 
I (61772) esp_image: segment 7: paddr=0037b4b0 vaddr=600fe100 size=00008h (     8) 
I (61772) esp_image: segment 8: paddr=0037b4c0 vaddr=00000000 size=04b10h ( 19216) 
I (61772) esp_image: Verifying image signature...
I (61772) secure_boot_v2: Take trusted digest key(s) from running app
I (61772) secure_boot_v2: #0 app key digest == #0 trusted key digest
I (61772) secure_boot_v2: Verifying with RSA-PSS...
I (61832) secure_boot_v2_rsa: Signature verified successfully!
I (61842) esp_image: segment 0: paddr=00270020 vaddr=3c0c0020 size=39928h (235816) map
I (61872) esp_image: segment 1: paddr=002a9950 vaddr=3fc9dc00 size=05344h ( 21316) 
I (61872) esp_image: segment 2: paddr=002aec9c vaddr=40374000 size=0137ch (  4988) 
I (61882) esp_image: segment 3: paddr=002b0020 vaddr=42000020 size=b1edch (728796) map
I (61972) esp_image: segment 4: paddr=00361f04 vaddr=4037537c size=18808h (100360) 
I (61992) esp_image: segment 5: paddr=0037a714 vaddr=50000000 size=00c8ch (  3212) 
I (61992) esp_image: segment 6: paddr=0037b3a8 vaddr=600fe000 size=00100h (   256) 
I (61992) esp_image: segment 7: paddr=0037b4b0 vaddr=600fe100 size=00008h (     8) 
I (61992) esp_image: segment 8: paddr=0037b4c0 vaddr=00000000 size=04b10h ( 19216) 
I (61992) esp_image: Verifying image signature...
I (61992) secure_boot_v2: Take trusted digest key(s) from running app
I (62002) secure_boot_v2: #0 app key digest == #0 trusted key digest
I (62002) secure_boot_v2: Verifying with RSA-PSS...
I (62052) secure_boot_v2_rsa: Signature verified successfully!
I (62062) fp_ota: ota step=finish result=ok
I (62062) skypane: ota switched version=fw-v9.9.9-bench restarting
