I (632) wifi:state: auth -> assoc (0x0)
I (642) wifi:state: assoc -> run (0x10)
I (662) wifi:connected with <ssid>, aid = 3, channel 6, BW20, bssid = <bssid>
I (662) wifi:security: WPA2-PSK, phy: bgn, rssi: -53
I (662) wifi:pm start, type: 1

I (662) wifi:dp: 1, bi: 122880, li: 2, scale listen interval from 307200 us to 245760 us
I (662) wifi:set rx beacon pti, rx_bcn_pti: 0, bcn_timeout: 25000, mt_pti: 0, mt_time: 10000
I (662) wifi:AP's beacon interval = 122880 us, DTIM period = 2
I (1672) wifi:<ba-add>idx:0 (ifx:0, <bssid>), tid:0, ssn:0, winSize:64
I (1692) esp_netif_handlers: sta ip: <lan-ip>, mask: <lan-mask>, gw: <lan-gw>
I (1702) fp_tls: offering a saved TLS session (1167 bytes)
I (1842) fp_tls: TLS session saved (1167 bytes)
I (1852) skypane: image unchanged, skipping download
I (1852) fp_api: http connects=1 first_connect_ms=53 tls_offered=1 tls_saved_len=1167
I (1852) skypane: poll ok sleep_s=60 hash_skip=1
I (1852) fp_diag: wake timing total_ms=1529 wifi_ms=1338 setup_ms=0 display_ms=149 download_ms=0 draw_ms=0
I (1852) wifi:state: run -> init (0x0)
I (1852) wifi:pm stop, total sleep time: 919560 us / 1191557 us

I (1852) wifi:<ba-del>idx:0, tid:0
I (1852) wifi:new:<6,0>, old:<6,0>, ap:<255,255>, sta:<6,0>, prof:1, snd_ch_cfg:0x0
I (1892) wifi:flush txq
I (1892) wifi:stop sw txq
I (1892) wifi:lmac stop hw txq
I (1892) wifi:Deinit lldesc rx mblock:10
I (1902) skypane: sleep enter sleep_s=60
