I (1492) wifi:<ba-add>idx:0 (ifx:0, <bssid>), tid:0, ssn:0, winSize:64
I (1502) esp_netif_handlers: sta ip: <lan-ip>, mask: <lan-mask>, gw: <lan-gw>
I (1512) fp_tls: offering a saved TLS session (1167 bytes)
I (1892) fp_tls: TLS session saved (1167 bytes)
I (1912) fp_api: http connects=1 first_connect_ms=65 tls_offered=1 tls_saved_len=1167
I (1912) wifi:state: run -> init (0x0)
I (1912) wifi:pm stop, total sleep time: 996864 us / 1435267 us

I (1912) wifi:<ba-del>idx:0, tid:0
I (1912) wifi:new:<6,0>, old:<6,0>, ap:<255,255>, sta:<6,0>, prof:1, snd_ch_cfg:0x0
I (1962) wifi:flush txq
I (1962) wifi:stop sw txq
I (1962) wifi:lmac stop hw txq
I (1962) wifi:Deinit lldesc rx mblock:10
I (3342) gpio: GPIO[10]| InputEn: 0| OutputEn: 1| OpenDrain: 0| Pullup: 0| Pulldown: 0| Intr:0 
I (3342) gpio: GPIO[38]| InputEn: 0| OutputEn: 1| OpenDrain: 0| Pullup: 0| Pulldown: 0| Intr:0 
I (3342) gpio: GPIO[41]| InputEn: 0| OutputEn: 1| OpenDrain: 0| Pullup: 0| Pulldown: 0| Intr:0 
I (3342) gpio: GPIO[43]| InputEn: 0| OutputEn: 1| OpenDrain: 0| Pullup: 0| Pulldown: 0| Intr:0 
I (3342) gpio: GPIO[44]| InputEn: 0| OutputEn: 1| OpenDrain: 0| Pullup: 0| Pulldown: 0| Intr:0 
I (3342) gpio: GPIO[4]| InputEn: 1| OutputEn: 0| OpenDrain: 0| Pullup: 0| Pulldown: 0| Intr:0 
I (34772) epd13in3e: refresh complete
I (34872) skypane: ota updating screen drawn
I (34872) pp: pp rom version: e7ae62f
I (34872) net80211: net80211 rom version: e7ae62f
I (34882) wifi:wifi driver task: 3fcd87e8, prio:23, stack:6656, core=0
I (34892) wifi:wifi firmware version: ccaebfa
I (34892) wifi:wifi certification version: v7.0
I (34892) wifi:config NVS flash: enabled
I (34892) wifi:config nano formating: disabled
I (34892) wifi:Init data frame dynamic rx buffer num: 32
I (34892) wifi:Init static rx mgmt buffer num: 5
I (34892) wifi:Init management short buffer num: 32
I (34892) wifi:Init static tx buffer num: 16
I (34892) wifi:Init tx cache buffer num: 32
I (34892) wifi:Init static tx FG buffer num: 2
I (34892) wifi:Init static rx buffer size: 1600
I (34892) wifi:Init static rx buffer num: 10
I (34892) wifi:Init dynamic rx buffer num: 32
I (34892) wifi_init: rx ba win: 6
I (34892) wifi_init: accept mbox: 6
I (34892) wifi_init: tcpip mbox: 32
I (34892) wifi_init: udp mbox: 6
I (34892) wifi_init: tcp mbox: 6
I (34892) wifi_init: tcp tx win: 5760
I (34892) wifi_init: tcp rx win: 5760
I (34892) wifi_init: tcp mss: 1440
I (34892) wifi_init: WiFi IRAM OP enabled
I (34892) wifi_init: WiFi RX IRAM OP enabled
W (34892) wifi:Password length matches WPA2 standards, authmode threshold changes from OPEN to WPA2
I (34902) wifi:mode : sta (94:a9:90:cf:80:08)
I (34902) wifi:enable tsf
I (34912) wifi:new:<6,0>, old:<1,0>, ap:<255,255>, sta:<6,0>, prof:1, snd_ch_cfg:0x0
I (34912) wifi:state: init -> auth (0xb0)
I (34932) wifi:state: auth -> assoc (0x0)
I (34942) wifi:state: assoc -> run (0x10)
I (34962) wifi:connected with <ssid>, aid = 3, channel 6, BW20, bssid = <bssid>
I (34962) wifi:security: WPA2-PSK, phy: bgn, rssi: -56
I (34962) wifi:pm start, type: 1

I (34962) wifi:dp: 1, bi: 122880, li: 2, scale listen interval from 307200 us to 245760 us
I (34962) wifi:set rx beacon pti, rx_bcn_pti: 0, bcn_timeout: 25000, mt_pti: 0, mt_time: 10000
I (35042) wifi:AP's beacon interval = 122880 us, DTIM period = 2
I (35962) wifi:<ba-add>idx:0 (ifx:0, <bssid>), tid:0, ssn:0, winSize:64
I (36282) esp_netif_handlers: sta ip: <lan-ip>, mask: <lan-mask>, gw: <lan-gw>
I (37552) esp-x509-crt-bundle: Certificate validated
I (38132) esp_https_ota: Starting OTA...
I (38132) esp_https_ota: Writing to partition subtype 17 at offset 0x4c0000
I (38132) fp_ota: ota step=begin result=ok
I (38142) fp_ota: ota step=desc result=ok
I (58952) fp_ota: ota step=download result=ok
I (59132) fp_ota: ota step=hash result=ok
I (59132) esp_image: segment 0: paddr=004c0020 vaddr=3c0c0020 size=39928h (235816) map
I (59162) esp_image: segment 1: paddr=004f9950 vaddr=3fc9dc00 size=05344h ( 21316) 
I (59162) esp_image: segment 2: paddr=004fec9c vaddr=40374000 size=0137ch (  4988) 
I (59162) esp_image: segment 3: paddr=00500020 vaddr=42000020 size=b1edch (728796) map
I (59262) esp_image: segment 4: paddr=005b1f04 vaddr=4037537c size=18808h (100360) 
I (59282) esp_image: segment 5: paddr=005ca714 vaddr=50000000 size=00c8ch (  3212) 
I (59282) esp_image: segment 6: paddr=005cb3a8 vaddr=600fe000 size=00100h (   256) 
I (59282) esp_image: segment 7: paddr=005cb4b0 vaddr=600fe100 size=00008h (     8) 
I (59282) esp_image: segment 8: paddr=005cb4c0 vaddr=00000000 size=04b10h ( 19216) 
E (59282) esp_image: Checksum failed. Calculated 0x54 read 0x6f
W (59292) fp_ota: ota step=finish result=fail err=ESP_ERR_OTA_VALIDATE_FAILED
W (59302) skypane: poll fail step=ota backoff_n=2 sleep_s=1200
I (59302) fp_diag: wake timing total_ms=58979 wifi_ms=1148 setup_ms=0 display_ms=399 download_ms=0 draw_ms=0
I (59302) wifi:state: run -> init (0x0)
I (59302) wifi:pm stop, total sleep time: 9925887 us / 24344449 us

I (59302) wifi:<ba-del>idx:0, tid:0
I (59312) wifi:new:<6,0>, old:<6,0>, ap:<255,255>, sta:<6,0>, prof:1, snd_ch_cfg:0x0
I (59342) wifi:flush txq
I (59342) wifi:stop sw txq
I (59342) wifi:lmac stop hw txq
I (59342) wifi:Deinit lldesc rx mblock:10
I (59352) skypane: sleep enter sleep_s=1200
