I (452) wifi:state: assoc -> run (0x10)
I (472) wifi:connected with <ssid>, aid = 3, channel 6, BW20, bssid = <bssid>
I (472) wifi:security: WPA2-PSK, phy: bgn, rssi: -50
I (472) wifi:pm start, type: 1

I (472) wifi:dp: 1, bi: 122880, li: 2, scale listen interval from 307200 us to 245760 us
I (472) wifi:set rx beacon pti, rx_bcn_pti: 0, bcn_timeout: 25000, mt_pti: 0, mt_time: 10000
I (582) wifi:AP's beacon interval = 122880 us, DTIM period = 2
I (1482) wifi:<ba-add>idx:0 (ifx:0, <bssid>), tid:0, ssn:0, winSize:64
I (1512) esp_netif_handlers: sta ip: <lan-ip>, mask: <lan-mask>, gw: <lan-gw>
I (1522) fp_tls: offering a saved TLS session (1167 bytes)
I (1662) fp_tls: TLS session saved (1167 bytes)
I (4622) fp_api: http connects=1 first_connect_ms=60 tls_offered=1 tls_saved_len=1167
I (4622) wifi:state: run -> init (0x0)
I (4632) wifi:pm stop, total sleep time: 833075 us / 4152600 us

I (4632) wifi:<ba-del>idx:0, tid:0
I (4632) wifi:new:<6,0>, old:<6,0>, ap:<255,255>, sta:<6,0>, prof:1, snd_ch_cfg:0x0
I (4682) wifi:flush txq
I (4682) wifi:stop sw txq
I (4682) wifi:lmac stop hw txq
I (4682) wifi:Deinit lldesc rx mblock:10
I (4692) gpio: GPIO[10]| InputEn: 0| OutputEn: 1| OpenDrain: 0| Pullup: 0| Pulldown: 0| Intr:0 
I (4692) gpio: GPIO[38]| InputEn: 0| OutputEn: 1| OpenDrain: 0| Pullup: 0| Pulldown: 0| Intr:0 
I (4692) gpio: GPIO[41]| InputEn: 0| OutputEn: 1| OpenDrain: 0| Pullup: 0| Pulldown: 0| Intr:0 
I (4692) gpio: GPIO[43]| InputEn: 0| OutputEn: 1| OpenDrain: 0| Pullup: 0| Pulldown: 0| Intr:0 
I (4692) gpio: GPIO[44]| InputEn: 0| OutputEn: 1| OpenDrain: 0| Pullup: 0| Pulldown: 0| Intr:0 
I (4692) gpio: GPIO[4]| InputEn: 1| OutputEn: 0| OpenDrain: 0| Pullup: 0| Pulldown: 0| Intr:0 
I (36202) epd13in3e: refresh complete
I (36302) skypane: blit ok bytes=960000 sha256_ok=1
I (36312) skypane: refreshed to sha256:6c771ff602e104b6...
I (36312) skypane: poll ok sleep_s=60 hash_skip=0
I (36312) fp_diag: wake timing total_ms=35986 wifi_ms=1151 setup_ms=0 display_ms=152 download_ms=2955 draw_ms=31609
I (36312) skypane: sleep enter sleep_s=60
