I (1482) wifi:<ba-add>idx:0 (ifx:0, <bssid>), tid:0, ssn:0, winSize:64
I (1502) esp_netif_handlers: sta ip: <lan-ip>, mask: <lan-mask>, gw: <lan-gw>
I (1512) fp_tls: offering a saved TLS session (1167 bytes)
I (1752) fp_tls: TLS session saved (1167 bytes)
I (4922) fp_api: http connects=1 first_connect_ms=73 tls_offered=1 tls_saved_len=1167
I (4932) wifi:state: run -> init (0x0)
I (4942) wifi:pm stop, total sleep time: 940663 us / 4464370 us

I (4942) wifi:<ba-del>idx:0, tid:0
I (4942) wifi:new:<6,0>, old:<6,0>, ap:<255,255>, sta:<6,0>, prof:1, snd_ch_cfg:0x0
I (5032) wifi:flush txq
I (5032) wifi:stop sw txq
I (5032) wifi:lmac stop hw txq
I (5032) wifi:Deinit lldesc rx mblock:10
I (5042) gpio: GPIO[10]| InputEn: 0| OutputEn: 1| OpenDrain: 0| Pullup: 0| Pulldown: 0| Intr:0 
I (5042) gpio: GPIO[38]| InputEn: 0| OutputEn: 1| OpenDrain: 0| Pullup: 0| Pulldown: 0| Intr:0 
I (5042) gpio: GPIO[41]| InputEn: 0| OutputEn: 1| OpenDrain: 0| Pullup: 0| Pulldown: 0| Intr:0 
I (5042) gpio: GPIO[43]| InputEn: 0| OutputEn: 1| OpenDrain: 0| Pullup: 0| Pulldown: 0| Intr:0 
I (5042) gpio: GPIO[44]| InputEn: 0| OutputEn: 1| OpenDrain: 0| Pullup: 0| Pulldown: 0| Intr:0 
I (5042) gpio: GPIO[4]| InputEn: 1| OutputEn: 0| OpenDrain: 0| Pullup: 0| Pulldown: 0| Intr:0 
I (36562) epd13in3e: refresh complete
I (36662) skypane: blit ok bytes=960000 sha256_ok=1
I (36672) skypane: refreshed to sha256:7708551c3fbcf25d...
I (36672) skypane: poll ok sleep_s=300 hash_skip=0
I (36672) fp_diag: wake timing total_ms=36346 wifi_ms=1145 setup_ms=0 display_ms=253 download_ms=3167 draw_ms=31619
I (36672) skypane: sleep enter sleep_s=300
