I (533) wifi:AP's beacon interval = 122880 us, DTIM period = 2
I (1503) wifi:<ba-add>idx:0 (ifx:0, <bssid>), tid:0, ssn:0, winSize:64
I (1523) esp_netif_handlers: sta ip: <lan-ip>, mask: <lan-mask>, gw: <lan-gw>
I (3413) fp_wifi: clock set via SNTP
I (4683) esp-x509-crt-bundle: Certificate validated
I (5293) fp_tls: TLS session saved (1167 bytes)
I (8293) fp_api: http connects=1 first_connect_ms=1822 tls_offered=0 tls_saved_len=1167
I (8303) wifi:state: run -> init (0x0)
I (8313) wifi:pm stop, total sleep time: 3482650 us / 7817867 us

I (8313) wifi:<ba-del>idx:0, tid:0
I (8313) wifi:new:<6,0>, old:<6,0>, ap:<255,255>, sta:<6,0>, prof:1, snd_ch_cfg:0x0
I (8353) wifi:flush txq
I (8353) wifi:stop sw txq
I (8353) wifi:lmac stop hw txq
I (8353) wifi:Deinit lldesc rx mblock:10
I (8363) gpio: GPIO[10]| InputEn: 0| OutputEn: 1| OpenDrain: 0| Pullup: 0| Pulldown: 0| Intr:0 
I (8363) gpio: GPIO[38]| InputEn: 0| OutputEn: 1| OpenDrain: 0| Pullup: 0| Pulldown: 0| Intr:0 
I (8363) gpio: GPIO[41]| InputEn: 0| OutputEn: 1| OpenDrain: 0| Pullup: 0| Pulldown: 0| Intr:0 
I (8363) gpio: GPIO[43]| InputEn: 0| OutputEn: 1| OpenDrain: 0| Pullup: 0| Pulldown: 0| Intr:0 
I (8363) gpio: GPIO[44]| InputEn: 0| OutputEn: 1| OpenDrain: 0| Pullup: 0| Pulldown: 0| Intr:0 
I (8363) gpio: GPIO[4]| InputEn: 1| OutputEn: 0| OpenDrain: 0| Pullup: 0| Pulldown: 0| Intr:0 
I (39853) epd13in3e: refresh complete
I (39953) skypane: blit ok bytes=960000 sha256_ok=1
I (39963) skypane: refreshed to sha256:0b44d23f31a9ee4f...
I (39963) skypane: poll ok sleep_s=60 hash_skip=0
I (39963) fp_diag: wake timing total_ms=39637 wifi_ms=3058 setup_ms=0 display_ms=1879 download_ms=2995 draw_ms=31589
I (39963) skypane: sleep enter sleep_s=60
